Archive member included because of file (symbol)

c:/altera/13.1/nios2eds/bin/gnu/h-i686-mingw32/bin/../lib/gcc/nios2-elf/4.7.3/../../../../../H-i686-mingw32/nios2-elf/lib/mno-hw-mul\libsmallc.a(lib_a-memcpy.o)
                              obj/default/hello_world_small.o (memcpy)
c:/altera/13.1/nios2eds/bin/gnu/h-i686-mingw32/bin/../lib/gcc/nios2-elf/4.7.3/../../../../../H-i686-mingw32/nios2-elf/lib/mno-hw-mul\libsmallc.a(lib_a-puts.o)
                              obj/default/hello_world_small.o (puts)
c:/altera/13.1/nios2eds/bin/gnu/h-i686-mingw32/bin/../lib/gcc/nios2-elf/4.7.3/../../../../../H-i686-mingw32/nios2-elf/lib/mno-hw-mul\libsmallc.a(lib_a-strlen.o)
                              obj/default/hello_world_small.o (strlen)
c:/altera/13.1/nios2eds/bin/gnu/h-i686-mingw32/bin/../lib/gcc/nios2-elf/4.7.3/../../../../../H-i686-mingw32/nios2-elf/lib/mno-hw-mul\libsmallc.a(lib_a-fvwrite_small_dev.o)
                              c:/altera/13.1/nios2eds/bin/gnu/h-i686-mingw32/bin/../lib/gcc/nios2-elf/4.7.3/../../../../../H-i686-mingw32/nios2-elf/lib/mno-hw-mul\libsmallc.a(lib_a-puts.o) (__sfvwrite_small_dev)
c:/altera/13.1/nios2eds/bin/gnu/h-i686-mingw32/bin/../lib/gcc/nios2-elf/4.7.3/../../../../../H-i686-mingw32/nios2-elf/lib/mno-hw-mul\libsmallc.a(lib_a-impure.o)
                              c:/altera/13.1/nios2eds/bin/gnu/h-i686-mingw32/bin/../lib/gcc/nios2-elf/4.7.3/../../../../../H-i686-mingw32/nios2-elf/lib/mno-hw-mul\libsmallc.a(lib_a-puts.o) (_impure_ptr)
c:/altera/13.1/nios2eds/bin/gnu/h-i686-mingw32/bin/../lib/gcc/nios2-elf/4.7.3/../../../../../H-i686-mingw32/nios2-elf/lib/mno-hw-mul\libsmallc.a(lib_a-writer.o)
                              c:/altera/13.1/nios2eds/bin/gnu/h-i686-mingw32/bin/../lib/gcc/nios2-elf/4.7.3/../../../../../H-i686-mingw32/nios2-elf/lib/mno-hw-mul\libsmallc.a(lib_a-fvwrite_small_dev.o) (_write_r)
c:/altera/13.1/nios2eds/bin/gnu/h-i686-mingw32/bin/../lib/gcc/nios2-elf/4.7.3/../../../../../H-i686-mingw32/nios2-elf/lib/mno-hw-mul\libsmallc.a(lib_a-int_errno.o)
                              c:/altera/13.1/nios2eds/bin/gnu/h-i686-mingw32/bin/../lib/gcc/nios2-elf/4.7.3/../../../../../H-i686-mingw32/nios2-elf/lib/mno-hw-mul\libsmallc.a(lib_a-writer.o) (errno)
../ProjetoSD_bsp/\libhal_bsp.a(alt_load.o)
                              ../ProjetoSD_bsp//obj/HAL/src/crt0.o (alt_load)
../ProjetoSD_bsp/\libhal_bsp.a(alt_main.o)
                              ../ProjetoSD_bsp//obj/HAL/src/crt0.o (alt_main)
../ProjetoSD_bsp/\libhal_bsp.a(alt_usleep.o)
                              obj/default/hello_world_small.o (usleep)
../ProjetoSD_bsp/\libhal_bsp.a(alt_write.o)
                              c:/altera/13.1/nios2eds/bin/gnu/h-i686-mingw32/bin/../lib/gcc/nios2-elf/4.7.3/../../../../../H-i686-mingw32/nios2-elf/lib/mno-hw-mul\libsmallc.a(lib_a-writer.o) (write)
../ProjetoSD_bsp/\libhal_bsp.a(alt_sys_init.o)
                              ../ProjetoSD_bsp/\libhal_bsp.a(alt_main.o) (alt_irq_init)
../ProjetoSD_bsp/\libhal_bsp.a(altera_avalon_jtag_uart_write.o)
                              ../ProjetoSD_bsp/\libhal_bsp.a(alt_write.o) (altera_avalon_jtag_uart_write)
../ProjetoSD_bsp/\libhal_bsp.a(alt_busy_sleep.o)
                              ../ProjetoSD_bsp/\libhal_bsp.a(alt_usleep.o) (alt_busy_sleep)
../ProjetoSD_bsp/\libhal_bsp.a(alt_dcache_flush_all.o)
                              ../ProjetoSD_bsp/\libhal_bsp.a(alt_load.o) (alt_dcache_flush_all)
../ProjetoSD_bsp/\libhal_bsp.a(alt_errno.o)
                              ../ProjetoSD_bsp/\libhal_bsp.a(alt_write.o) (alt_errno)
../ProjetoSD_bsp/\libhal_bsp.a(alt_icache_flush_all.o)
                              ../ProjetoSD_bsp/\libhal_bsp.a(alt_load.o) (alt_icache_flush_all)
../ProjetoSD_bsp/\libhal_bsp.a(altera_nios2_qsys_irq.o)
                              ../ProjetoSD_bsp/\libhal_bsp.a(alt_sys_init.o) (altera_nios2_qsys_irq_init)
c:/altera/13.1/nios2eds/bin/gnu/h-i686-mingw32/bin/../lib/gcc/nios2-elf/4.7.3/mno-hw-mul\libgcc.a(lib2-divmod.o)
                              ../ProjetoSD_bsp/\libhal_bsp.a(alt_busy_sleep.o) (__udivsi3)
c:/altera/13.1/nios2eds/bin/gnu/h-i686-mingw32/bin/../lib/gcc/nios2-elf/4.7.3/mno-hw-mul\libgcc.a(lib2-mul.o)
                              ../ProjetoSD_bsp/\libhal_bsp.a(alt_busy_sleep.o) (__mulsi3)

Allocating common symbols
Common symbol       size              file

errno               0x4               c:/altera/13.1/nios2eds/bin/gnu/h-i686-mingw32/bin/../lib/gcc/nios2-elf/4.7.3/../../../../../H-i686-mingw32/nios2-elf/lib/mno-hw-mul\libsmallc.a(lib_a-int_errno.o)

Memory Configuration

Name             Origin             Length             Attributes
reset            0x00008000         0x00000020
memory           0x00008020         0x00004fe0
*default*        0x00000000         0xffffffff

Linker script and memory map

LOAD ../ProjetoSD_bsp//obj/HAL/src/crt0.o
LOAD obj/default/hello_world_small.o
LOAD c:/altera/13.1/nios2eds/bin/gnu/h-i686-mingw32/bin/../lib/gcc/nios2-elf/4.7.3/../../../../../H-i686-mingw32/nios2-elf/lib/mno-hw-mul\libstdc++.a
LOAD c:/altera/13.1/nios2eds/bin/gnu/h-i686-mingw32/bin/../lib/gcc/nios2-elf/4.7.3/../../../../../H-i686-mingw32/nios2-elf/lib/mno-hw-mul\libm.a
LOAD c:/altera/13.1/nios2eds/bin/gnu/h-i686-mingw32/bin/../lib/gcc/nios2-elf/4.7.3/mno-hw-mul\libgcc.a
START GROUP
LOAD c:/altera/13.1/nios2eds/bin/gnu/h-i686-mingw32/bin/../lib/gcc/nios2-elf/4.7.3/../../../../../H-i686-mingw32/nios2-elf/lib/mno-hw-mul\libsmallc.a
LOAD c:/altera/13.1/nios2eds/bin/gnu/h-i686-mingw32/bin/../lib/gcc/nios2-elf/4.7.3/mno-hw-mul\libgcc.a
LOAD ../ProjetoSD_bsp/\libhal_bsp.a
END GROUP
LOAD c:/altera/13.1/nios2eds/bin/gnu/h-i686-mingw32/bin/../lib/gcc/nios2-elf/4.7.3/mno-hw-mul\libgcc.a
                0x00008000                __alt_mem_memory = 0x8000

.entry          0x00008000       0x20
 *(.entry)
 .entry         0x00008000       0x20 ../ProjetoSD_bsp//obj/HAL/src/crt0.o
                0x00008000                __reset
                0x0000800c                _exit

.exceptions     0x00008020        0x0
                0x00008020                PROVIDE (__ram_exceptions_start, ABSOLUTE (.))
                0x00008020                . = ALIGN (0x20)
 *(.irq)
 *(.exceptions.entry.label)
 *(.exceptions.entry.user)
 *(.exceptions.entry.ecc_fatal)
 *(.exceptions.entry)
 *(.exceptions.irqtest.user)
 *(.exceptions.irqtest)
 *(.exceptions.irqhandler.user)
 *(.exceptions.irqhandler)
 *(.exceptions.irqreturn.user)
 *(.exceptions.irqreturn)
 *(.exceptions.notirq.label)
 *(.exceptions.notirq.user)
 *(.exceptions.notirq)
 *(.exceptions.soft.user)
 *(.exceptions.soft)
 *(.exceptions.unknown.user)
 *(.exceptions.unknown)
 *(.exceptions.exit.label)
 *(.exceptions.exit.user)
 *(.exceptions.exit)
 *(.exceptions)
                0x00008020                PROVIDE (__ram_exceptions_end, ABSOLUTE (.))
                0x00008020                PROVIDE (__flash_exceptions_start, LOADADDR (.exceptions))

.text           0x00008020      0x9d0
                0x00008020                PROVIDE (stext, ABSOLUTE (.))
 *(.interp)
 *(.hash)
 *(.dynsym)
 *(.dynstr)
 *(.gnu.version)
 *(.gnu.version_d)
 *(.gnu.version_r)
 *(.rel.init)
 *(.rela.init)
 *(.rel.text .rel.text.* .rel.gnu.linkonce.t.*)
 *(.rela.text .rela.text.* .rela.gnu.linkonce.t.*)
 *(.rel.fini)
 *(.rela.fini)
 *(.rel.rodata .rel.rodata.* .rel.gnu.linkonce.r.*)
 *(.rela.rodata .rela.rodata.* .rela.gnu.linkonce.r.*)
 *(.rel.data .rel.data.* .rel.gnu.linkonce.d.*)
 *(.rela.data .rela.data.* .rela.gnu.linkonce.d.*)
 *(.rel.tdata .rel.tdata.* .rel.gnu.linkonce.td.*)
 *(.rela.tdata .rela.tdata.* .rela.gnu.linkonce.td.*)
 *(.rel.tbss .rel.tbss.* .rel.gnu.linkonce.tb.*)
 *(.rela.tbss .rela.tbss.* .rela.gnu.linkonce.tb.*)
 *(.rel.ctors)
 *(.rela.ctors)
 *(.rel.dtors)
 *(.rela.dtors)
 *(.rel.got)
 *(.rela.got)
 *(.rel.sdata .rel.sdata.* .rel.gnu.linkonce.s.*)
 *(.rela.sdata .rela.sdata.* .rela.gnu.linkonce.s.*)
 *(.rel.sbss .rel.sbss.* .rel.gnu.linkonce.sb.*)
 *(.rela.sbss .rela.sbss.* .rela.gnu.linkonce.sb.*)
 *(.rel.sdata2 .rel.sdata2.* .rel.gnu.linkonce.s2.*)
 *(.rela.sdata2 .rela.sdata2.* .rela.gnu.linkonce.s2.*)
 *(.rel.sbss2 .rel.sbss2.* .rel.gnu.linkonce.sb2.*)
 *(.rela.sbss2 .rela.sbss2.* .rela.gnu.linkonce.sb2.*)
 *(.rel.bss .rel.bss.* .rel.gnu.linkonce.b.*)
 *(.rela.bss .rela.bss.* .rela.gnu.linkonce.b.*)
 *(.rel.plt)
 *(.rela.plt)
 *(.rel.dyn)
 *(.init)
 *(.plt)
 *(.text .stub .text.* .gnu.linkonce.t.*)
 .text          0x00008020       0x3c ../ProjetoSD_bsp//obj/HAL/src/crt0.o
                0x00008020                _start
 .text          0x0000805c      0x1bc obj/default/hello_world_small.o
                0x0000805c                acenderLeds
                0x000080c4                printalcd
                0x00008158                lcd_init
 .text.startup  0x00008218      0x1c4 obj/default/hello_world_small.o
                0x00008218                main
 .text          0x000083dc       0x28 c:/altera/13.1/nios2eds/bin/gnu/h-i686-mingw32/bin/../lib/gcc/nios2-elf/4.7.3/../../../../../H-i686-mingw32/nios2-elf/lib/mno-hw-mul\libsmallc.a(lib_a-memcpy.o)
                0x000083dc                memcpy
 .text          0x00008404       0x94 c:/altera/13.1/nios2eds/bin/gnu/h-i686-mingw32/bin/../lib/gcc/nios2-elf/4.7.3/../../../../../H-i686-mingw32/nios2-elf/lib/mno-hw-mul\libsmallc.a(lib_a-puts.o)
                0x00008404                _puts_r
                0x00008484                puts
 .text          0x00008498       0x28 c:/altera/13.1/nios2eds/bin/gnu/h-i686-mingw32/bin/../lib/gcc/nios2-elf/4.7.3/../../../../../H-i686-mingw32/nios2-elf/lib/mno-hw-mul\libsmallc.a(lib_a-strlen.o)
                0x00008498                strlen
 .text          0x000084c0       0xe0 c:/altera/13.1/nios2eds/bin/gnu/h-i686-mingw32/bin/../lib/gcc/nios2-elf/4.7.3/../../../../../H-i686-mingw32/nios2-elf/lib/mno-hw-mul\libsmallc.a(lib_a-fvwrite_small_dev.o)
                0x000084c0                __sfvwrite_small_dev
 .text          0x000085a0        0x0 c:/altera/13.1/nios2eds/bin/gnu/h-i686-mingw32/bin/../lib/gcc/nios2-elf/4.7.3/../../../../../H-i686-mingw32/nios2-elf/lib/mno-hw-mul\libsmallc.a(lib_a-impure.o)
 .text          0x000085a0       0x6c c:/altera/13.1/nios2eds/bin/gnu/h-i686-mingw32/bin/../lib/gcc/nios2-elf/4.7.3/../../../../../H-i686-mingw32/nios2-elf/lib/mno-hw-mul\libsmallc.a(lib_a-writer.o)
                0x000085a0                _write_r
 .text          0x0000860c        0x0 c:/altera/13.1/nios2eds/bin/gnu/h-i686-mingw32/bin/../lib/gcc/nios2-elf/4.7.3/../../../../../H-i686-mingw32/nios2-elf/lib/mno-hw-mul\libsmallc.a(lib_a-int_errno.o)
 .text          0x0000860c      0x104 ../ProjetoSD_bsp/\libhal_bsp.a(alt_load.o)
                0x0000860c                alt_load
 .text          0x00008710       0x2c ../ProjetoSD_bsp/\libhal_bsp.a(alt_main.o)
                0x00008710                alt_main
 .text          0x0000873c        0x4 ../ProjetoSD_bsp/\libhal_bsp.a(alt_usleep.o)
                0x0000873c                usleep
 .text          0x00008740       0x68 ../ProjetoSD_bsp/\libhal_bsp.a(alt_write.o)
                0x00008740                write
 .text          0x000087a8       0x24 ../ProjetoSD_bsp/\libhal_bsp.a(alt_sys_init.o)
                0x000087a8                alt_irq_init
                0x000087c8                alt_sys_init
 .text          0x000087cc       0x34 ../ProjetoSD_bsp/\libhal_bsp.a(altera_avalon_jtag_uart_write.o)
                0x000087cc                altera_avalon_jtag_uart_write
 .text          0x00008800       0x88 ../ProjetoSD_bsp/\libhal_bsp.a(alt_busy_sleep.o)
                0x00008800                alt_busy_sleep
 .text          0x00008888        0x4 ../ProjetoSD_bsp/\libhal_bsp.a(alt_dcache_flush_all.o)
                0x00008888                alt_dcache_flush_all
 .text          0x0000888c        0x0 ../ProjetoSD_bsp/\libhal_bsp.a(alt_errno.o)
 .text          0x0000888c        0x4 ../ProjetoSD_bsp/\libhal_bsp.a(alt_icache_flush_all.o)
                0x0000888c                alt_icache_flush_all
 .text          0x00008890        0x8 ../ProjetoSD_bsp/\libhal_bsp.a(altera_nios2_qsys_irq.o)
                0x00008890                altera_nios2_qsys_irq_init
 .text          0x00008898      0x130 c:/altera/13.1/nios2eds/bin/gnu/h-i686-mingw32/bin/../lib/gcc/nios2-elf/4.7.3/mno-hw-mul\libgcc.a(lib2-divmod.o)
                0x0000890c                __divsi3
                0x0000895c                __modsi3
                0x000089b8                __udivsi3
                0x000089c0                __umodsi3
 .text          0x000089c8       0x28 c:/altera/13.1/nios2eds/bin/gnu/h-i686-mingw32/bin/../lib/gcc/nios2-elf/4.7.3/mno-hw-mul\libgcc.a(lib2-mul.o)
                0x000089c8                __mulsi3
 *(.gnu.warning.*)
 *(.fini)
                0x000089f0                PROVIDE (__etext, ABSOLUTE (.))
                0x000089f0                PROVIDE (_etext, ABSOLUTE (.))
                0x000089f0                PROVIDE (etext, ABSOLUTE (.))
 *(.eh_frame_hdr)
                0x000089f0                . = ALIGN (0x4)
                0x000089f0                PROVIDE (__preinit_array_start, ABSOLUTE (.))
 *(.preinit_array)
                0x000089f0                PROVIDE (__preinit_array_end, ABSOLUTE (.))
                0x000089f0                PROVIDE (__init_array_start, ABSOLUTE (.))
 *(.init_array)
                0x000089f0                PROVIDE (__init_array_end, ABSOLUTE (.))
                0x000089f0                PROVIDE (__fini_array_start, ABSOLUTE (.))
 *(.fini_array)
                0x000089f0                PROVIDE (__fini_array_end, ABSOLUTE (.))
 *(.eh_frame)
 *(.gcc_except_table .gcc_except_table.*)
 *(.dynamic)
                0x000089f0                PROVIDE (__CTOR_LIST__, ABSOLUTE (.))
 *(.ctors)
 *(SORT(.ctors.*))
                0x000089f0                PROVIDE (__CTOR_END__, ABSOLUTE (.))
                0x000089f0                PROVIDE (__DTOR_LIST__, ABSOLUTE (.))
 *(.dtors)
 *(SORT(.dtors.*))
                0x000089f0                PROVIDE (__DTOR_END__, ABSOLUTE (.))
 *(.jcr)
                0x000089f0                . = ALIGN (0x4)

.rodata         0x000089f0       0xcc
                0x000089f0                PROVIDE (__ram_rodata_start, ABSOLUTE (.))
                0x000089f0                . = ALIGN (0x4)
 *(.rodata .rodata.* .gnu.linkonce.r.*)
 .rodata.str1.4
                0x000089f0       0x16 obj/default/hello_world_small.o
                                 0x18 (size before relaxing)
 .rodata        0x00008a06       0xb0 obj/default/hello_world_small.o
 *fill*         0x00008ab6        0x2 
 .rodata.str1.4
                0x00008ab8        0x4 c:/altera/13.1/nios2eds/bin/gnu/h-i686-mingw32/bin/../lib/gcc/nios2-elf/4.7.3/../../../../../H-i686-mingw32/nios2-elf/lib/mno-hw-mul\libsmallc.a(lib_a-puts.o)
 *(.rodata1)
                0x00008abc                . = ALIGN (0x4)
                0x00008abc                PROVIDE (__ram_rodata_end, ABSOLUTE (.))
                0x000089f0                PROVIDE (__flash_rodata_start, LOADADDR (.rodata))

.rwdata         0x00008abc       0xf4 load address 0x00008bb0
                0x00008abc                PROVIDE (__ram_rwdata_start, ABSOLUTE (.))
                0x00008abc                . = ALIGN (0x4)
 *(.got.plt)
 *(.got)
 *(.data1)
 *(.data .data.* .gnu.linkonce.d.*)
 .data          0x00008abc        0x0 ../ProjetoSD_bsp//obj/HAL/src/crt0.o
 .data          0x00008abc        0x0 obj/default/hello_world_small.o
 .data          0x00008abc        0x0 c:/altera/13.1/nios2eds/bin/gnu/h-i686-mingw32/bin/../lib/gcc/nios2-elf/4.7.3/../../../../../H-i686-mingw32/nios2-elf/lib/mno-hw-mul\libsmallc.a(lib_a-memcpy.o)
 .data          0x00008abc        0x0 c:/altera/13.1/nios2eds/bin/gnu/h-i686-mingw32/bin/../lib/gcc/nios2-elf/4.7.3/../../../../../H-i686-mingw32/nios2-elf/lib/mno-hw-mul\libsmallc.a(lib_a-puts.o)
 .data          0x00008abc        0x0 c:/altera/13.1/nios2eds/bin/gnu/h-i686-mingw32/bin/../lib/gcc/nios2-elf/4.7.3/../../../../../H-i686-mingw32/nios2-elf/lib/mno-hw-mul\libsmallc.a(lib_a-strlen.o)
 .data          0x00008abc        0x0 c:/altera/13.1/nios2eds/bin/gnu/h-i686-mingw32/bin/../lib/gcc/nios2-elf/4.7.3/../../../../../H-i686-mingw32/nios2-elf/lib/mno-hw-mul\libsmallc.a(lib_a-fvwrite_small_dev.o)
 .data          0x00008abc       0xe0 c:/altera/13.1/nios2eds/bin/gnu/h-i686-mingw32/bin/../lib/gcc/nios2-elf/4.7.3/../../../../../H-i686-mingw32/nios2-elf/lib/mno-hw-mul\libsmallc.a(lib_a-impure.o)
 .data          0x00008b9c        0x0 c:/altera/13.1/nios2eds/bin/gnu/h-i686-mingw32/bin/../lib/gcc/nios2-elf/4.7.3/../../../../../H-i686-mingw32/nios2-elf/lib/mno-hw-mul\libsmallc.a(lib_a-writer.o)
 .data          0x00008b9c        0x0 c:/altera/13.1/nios2eds/bin/gnu/h-i686-mingw32/bin/../lib/gcc/nios2-elf/4.7.3/../../../../../H-i686-mingw32/nios2-elf/lib/mno-hw-mul\libsmallc.a(lib_a-int_errno.o)
 .data          0x00008b9c        0x0 ../ProjetoSD_bsp/\libhal_bsp.a(alt_load.o)
 .data          0x00008b9c        0x0 ../ProjetoSD_bsp/\libhal_bsp.a(alt_main.o)
 .data          0x00008b9c        0x0 ../ProjetoSD_bsp/\libhal_bsp.a(alt_usleep.o)
 .data          0x00008b9c        0x0 ../ProjetoSD_bsp/\libhal_bsp.a(alt_write.o)
 .data          0x00008b9c        0x0 ../ProjetoSD_bsp/\libhal_bsp.a(alt_sys_init.o)
 .data          0x00008b9c        0x0 ../ProjetoSD_bsp/\libhal_bsp.a(altera_avalon_jtag_uart_write.o)
 .data          0x00008b9c        0x0 ../ProjetoSD_bsp/\libhal_bsp.a(alt_busy_sleep.o)
 .data          0x00008b9c        0x0 ../ProjetoSD_bsp/\libhal_bsp.a(alt_dcache_flush_all.o)
 .data          0x00008b9c        0x0 ../ProjetoSD_bsp/\libhal_bsp.a(alt_errno.o)
 .data          0x00008b9c        0x0 ../ProjetoSD_bsp/\libhal_bsp.a(alt_icache_flush_all.o)
 .data          0x00008b9c        0x0 ../ProjetoSD_bsp/\libhal_bsp.a(altera_nios2_qsys_irq.o)
 .data          0x00008b9c        0x0 c:/altera/13.1/nios2eds/bin/gnu/h-i686-mingw32/bin/../lib/gcc/nios2-elf/4.7.3/mno-hw-mul\libgcc.a(lib2-divmod.o)
 .data          0x00008b9c        0x0 c:/altera/13.1/nios2eds/bin/gnu/h-i686-mingw32/bin/../lib/gcc/nios2-elf/4.7.3/mno-hw-mul\libgcc.a(lib2-mul.o)
                0x00010b9c                _gp = ABSOLUTE ((. + 0x8000))
                0x00010b9c                PROVIDE (gp, _gp)
 *(.rwdata .rwdata.*)
 *(.sdata .sdata.* .gnu.linkonce.s.*)
 .sdata         0x00008b9c        0x1 obj/default/hello_world_small.o
                0x00008b9c                button_value
 *fill*         0x00008b9d        0x3 
 .sdata         0x00008ba0        0x8 c:/altera/13.1/nios2eds/bin/gnu/h-i686-mingw32/bin/../lib/gcc/nios2-elf/4.7.3/../../../../../H-i686-mingw32/nios2-elf/lib/mno-hw-mul\libsmallc.a(lib_a-impure.o)
                0x00008ba0                _global_impure_ptr
                0x00008ba4                _impure_ptr
 .sdata         0x00008ba8        0x4 ../ProjetoSD_bsp/\libhal_bsp.a(alt_sys_init.o)
                0x00008ba8                Jtag
 .sdata         0x00008bac        0x4 ../ProjetoSD_bsp/\libhal_bsp.a(alt_errno.o)
                0x00008bac                alt_errno
 *(.sdata2 .sdata2.* .gnu.linkonce.s2.*)
                0x00008bb0                . = ALIGN (0x4)
                0x00008bb0                _edata = ABSOLUTE (.)
                0x00008bb0                PROVIDE (edata, ABSOLUTE (.))
                0x00008bb0                PROVIDE (__ram_rwdata_end, ABSOLUTE (.))
                0x00008bb0                PROVIDE (__flash_rwdata_start, LOADADDR (.rwdata))

.bss            0x00008ca4       0x10
                0x00008ca4                __bss_start = ABSOLUTE (.)
                0x00008ca4                PROVIDE (__sbss_start, ABSOLUTE (.))
                0x00008ca4                PROVIDE (___sbss_start, ABSOLUTE (.))
 *(.dynsbss)
 *(.sbss .sbss.* .gnu.linkonce.sb.*)
 .sbss          0x00008ca4        0x4 c:/altera/13.1/nios2eds/bin/gnu/h-i686-mingw32/bin/../lib/gcc/nios2-elf/4.7.3/../../../../../H-i686-mingw32/nios2-elf/lib/mno-hw-mul\libsmallc.a(lib_a-int_errno.o)
                0x00008ca4                errno
 .sbss          0x00008ca8        0xc ../ProjetoSD_bsp/\libhal_bsp.a(alt_main.o)
                0x00008ca8                alt_envp
                0x00008cac                alt_argv
                0x00008cb0                alt_argc
 *(.sbss2 .sbss2.* .gnu.linkonce.sb2.*)
 *(.scommon)
                0x00008cb4                PROVIDE (__sbss_end, ABSOLUTE (.))
                0x00008cb4                PROVIDE (___sbss_end, ABSOLUTE (.))
 *(.dynbss)
 *(.bss .bss.* .gnu.linkonce.b.*)
 .bss           0x00008cb4        0x0 ../ProjetoSD_bsp//obj/HAL/src/crt0.o
 .bss           0x00008cb4        0x0 obj/default/hello_world_small.o
 .bss           0x00008cb4        0x0 c:/altera/13.1/nios2eds/bin/gnu/h-i686-mingw32/bin/../lib/gcc/nios2-elf/4.7.3/../../../../../H-i686-mingw32/nios2-elf/lib/mno-hw-mul\libsmallc.a(lib_a-memcpy.o)
 .bss           0x00008cb4        0x0 c:/altera/13.1/nios2eds/bin/gnu/h-i686-mingw32/bin/../lib/gcc/nios2-elf/4.7.3/../../../../../H-i686-mingw32/nios2-elf/lib/mno-hw-mul\libsmallc.a(lib_a-puts.o)
 .bss           0x00008cb4        0x0 c:/altera/13.1/nios2eds/bin/gnu/h-i686-mingw32/bin/../lib/gcc/nios2-elf/4.7.3/../../../../../H-i686-mingw32/nios2-elf/lib/mno-hw-mul\libsmallc.a(lib_a-strlen.o)
 .bss           0x00008cb4        0x0 c:/altera/13.1/nios2eds/bin/gnu/h-i686-mingw32/bin/../lib/gcc/nios2-elf/4.7.3/../../../../../H-i686-mingw32/nios2-elf/lib/mno-hw-mul\libsmallc.a(lib_a-fvwrite_small_dev.o)
 .bss           0x00008cb4        0x0 c:/altera/13.1/nios2eds/bin/gnu/h-i686-mingw32/bin/../lib/gcc/nios2-elf/4.7.3/../../../../../H-i686-mingw32/nios2-elf/lib/mno-hw-mul\libsmallc.a(lib_a-impure.o)
 .bss           0x00008cb4        0x0 c:/altera/13.1/nios2eds/bin/gnu/h-i686-mingw32/bin/../lib/gcc/nios2-elf/4.7.3/../../../../../H-i686-mingw32/nios2-elf/lib/mno-hw-mul\libsmallc.a(lib_a-writer.o)
 .bss           0x00008cb4        0x0 c:/altera/13.1/nios2eds/bin/gnu/h-i686-mingw32/bin/../lib/gcc/nios2-elf/4.7.3/../../../../../H-i686-mingw32/nios2-elf/lib/mno-hw-mul\libsmallc.a(lib_a-int_errno.o)
 .bss           0x00008cb4        0x0 ../ProjetoSD_bsp/\libhal_bsp.a(alt_load.o)
 .bss           0x00008cb4        0x0 ../ProjetoSD_bsp/\libhal_bsp.a(alt_main.o)
 .bss           0x00008cb4        0x0 ../ProjetoSD_bsp/\libhal_bsp.a(alt_usleep.o)
 .bss           0x00008cb4        0x0 ../ProjetoSD_bsp/\libhal_bsp.a(alt_write.o)
 .bss           0x00008cb4        0x0 ../ProjetoSD_bsp/\libhal_bsp.a(alt_sys_init.o)
 .bss           0x00008cb4        0x0 ../ProjetoSD_bsp/\libhal_bsp.a(altera_avalon_jtag_uart_write.o)
 .bss           0x00008cb4        0x0 ../ProjetoSD_bsp/\libhal_bsp.a(alt_busy_sleep.o)
 .bss           0x00008cb4        0x0 ../ProjetoSD_bsp/\libhal_bsp.a(alt_dcache_flush_all.o)
 .bss           0x00008cb4        0x0 ../ProjetoSD_bsp/\libhal_bsp.a(alt_errno.o)
 .bss           0x00008cb4        0x0 ../ProjetoSD_bsp/\libhal_bsp.a(alt_icache_flush_all.o)
 .bss           0x00008cb4        0x0 ../ProjetoSD_bsp/\libhal_bsp.a(altera_nios2_qsys_irq.o)
 .bss           0x00008cb4        0x0 c:/altera/13.1/nios2eds/bin/gnu/h-i686-mingw32/bin/../lib/gcc/nios2-elf/4.7.3/mno-hw-mul\libgcc.a(lib2-divmod.o)
 .bss           0x00008cb4        0x0 c:/altera/13.1/nios2eds/bin/gnu/h-i686-mingw32/bin/../lib/gcc/nios2-elf/4.7.3/mno-hw-mul\libgcc.a(lib2-mul.o)
 *(COMMON)
                0x00008cb4                . = ALIGN (0x4)
                0x00008cb4                __bss_end = ABSOLUTE (.)

.memory         0x00008cb4        0x0
                0x00008cb4                PROVIDE (_alt_partition_memory_start, ABSOLUTE (.))
 *(.memory .memory. memory.*)
                0x00008cb4                . = ALIGN (0x4)
                0x00008cb4                PROVIDE (_alt_partition_memory_end, ABSOLUTE (.))
                0x00008cb4                _end = ABSOLUTE (.)
                0x00008cb4                end = ABSOLUTE (.)
                0x00008cb4                __alt_stack_base = ABSOLUTE (.)
                0x00008cb4                PROVIDE (_alt_partition_memory_load_addr, LOADADDR (.memory))

.stab
 *(.stab)

.stabstr
 *(.stabstr)

.stab.excl
 *(.stab.excl)

.stab.exclstr
 *(.stab.exclstr)

.stab.index
 *(.stab.index)

.stab.indexstr
 *(.stab.indexstr)

.comment        0x00000000       0x23
 *(.comment)
 .comment       0x00000000       0x23 obj/default/hello_world_small.o
                                 0x24 (size before relaxing)
 .comment       0x00000000       0x24 c:/altera/13.1/nios2eds/bin/gnu/h-i686-mingw32/bin/../lib/gcc/nios2-elf/4.7.3/../../../../../H-i686-mingw32/nios2-elf/lib/mno-hw-mul\libsmallc.a(lib_a-memcpy.o)
 .comment       0x00000000       0x24 c:/altera/13.1/nios2eds/bin/gnu/h-i686-mingw32/bin/../lib/gcc/nios2-elf/4.7.3/../../../../../H-i686-mingw32/nios2-elf/lib/mno-hw-mul\libsmallc.a(lib_a-puts.o)
 .comment       0x00000000       0x24 c:/altera/13.1/nios2eds/bin/gnu/h-i686-mingw32/bin/../lib/gcc/nios2-elf/4.7.3/../../../../../H-i686-mingw32/nios2-elf/lib/mno-hw-mul\libsmallc.a(lib_a-strlen.o)
 .comment       0x00000000       0x24 c:/altera/13.1/nios2eds/bin/gnu/h-i686-mingw32/bin/../lib/gcc/nios2-elf/4.7.3/../../../../../H-i686-mingw32/nios2-elf/lib/mno-hw-mul\libsmallc.a(lib_a-fvwrite_small_dev.o)
 .comment       0x00000000       0x24 c:/altera/13.1/nios2eds/bin/gnu/h-i686-mingw32/bin/../lib/gcc/nios2-elf/4.7.3/../../../../../H-i686-mingw32/nios2-elf/lib/mno-hw-mul\libsmallc.a(lib_a-impure.o)
 .comment       0x00000000       0x24 c:/altera/13.1/nios2eds/bin/gnu/h-i686-mingw32/bin/../lib/gcc/nios2-elf/4.7.3/../../../../../H-i686-mingw32/nios2-elf/lib/mno-hw-mul\libsmallc.a(lib_a-writer.o)
 .comment       0x00000000       0x24 c:/altera/13.1/nios2eds/bin/gnu/h-i686-mingw32/bin/../lib/gcc/nios2-elf/4.7.3/../../../../../H-i686-mingw32/nios2-elf/lib/mno-hw-mul\libsmallc.a(lib_a-int_errno.o)
 .comment       0x00000000       0x24 ../ProjetoSD_bsp/\libhal_bsp.a(alt_load.o)
 .comment       0x00000000       0x24 ../ProjetoSD_bsp/\libhal_bsp.a(alt_main.o)
 .comment       0x00000000       0x24 ../ProjetoSD_bsp/\libhal_bsp.a(alt_usleep.o)
 .comment       0x00000000       0x24 ../ProjetoSD_bsp/\libhal_bsp.a(alt_write.o)
 .comment       0x00000000       0x24 ../ProjetoSD_bsp/\libhal_bsp.a(alt_sys_init.o)
 .comment       0x00000000       0x24 ../ProjetoSD_bsp/\libhal_bsp.a(altera_avalon_jtag_uart_write.o)
 .comment       0x00000000       0x24 ../ProjetoSD_bsp/\libhal_bsp.a(alt_busy_sleep.o)
 .comment       0x00000000       0x24 ../ProjetoSD_bsp/\libhal_bsp.a(alt_dcache_flush_all.o)
 .comment       0x00000000       0x24 ../ProjetoSD_bsp/\libhal_bsp.a(alt_errno.o)
 .comment       0x00000000       0x24 ../ProjetoSD_bsp/\libhal_bsp.a(alt_icache_flush_all.o)
 .comment       0x00000000       0x24 ../ProjetoSD_bsp/\libhal_bsp.a(altera_nios2_qsys_irq.o)
 .comment       0x00000000       0x24 c:/altera/13.1/nios2eds/bin/gnu/h-i686-mingw32/bin/../lib/gcc/nios2-elf/4.7.3/mno-hw-mul\libgcc.a(lib2-divmod.o)
 .comment       0x00000000       0x24 c:/altera/13.1/nios2eds/bin/gnu/h-i686-mingw32/bin/../lib/gcc/nios2-elf/4.7.3/mno-hw-mul\libgcc.a(lib2-mul.o)

.debug
 *(.debug)

.line
 *(.line)

.debug_srcinfo
 *(.debug_srcinfo)

.debug_sfnames
 *(.debug_sfnames)

.debug_aranges  0x00000000      0x2b8
 *(.debug_aranges)
 .debug_aranges
                0x00000000       0x28 ../ProjetoSD_bsp//obj/HAL/src/crt0.o
 .debug_aranges
                0x00000028       0x28 obj/default/hello_world_small.o
 .debug_aranges
                0x00000050       0x20 c:/altera/13.1/nios2eds/bin/gnu/h-i686-mingw32/bin/../lib/gcc/nios2-elf/4.7.3/../../../../../H-i686-mingw32/nios2-elf/lib/mno-hw-mul\libsmallc.a(lib_a-memcpy.o)
 .debug_aranges
                0x00000070       0x20 c:/altera/13.1/nios2eds/bin/gnu/h-i686-mingw32/bin/../lib/gcc/nios2-elf/4.7.3/../../../../../H-i686-mingw32/nios2-elf/lib/mno-hw-mul\libsmallc.a(lib_a-puts.o)
 .debug_aranges
                0x00000090       0x20 c:/altera/13.1/nios2eds/bin/gnu/h-i686-mingw32/bin/../lib/gcc/nios2-elf/4.7.3/../../../../../H-i686-mingw32/nios2-elf/lib/mno-hw-mul\libsmallc.a(lib_a-strlen.o)
 .debug_aranges
                0x000000b0       0x20 c:/altera/13.1/nios2eds/bin/gnu/h-i686-mingw32/bin/../lib/gcc/nios2-elf/4.7.3/../../../../../H-i686-mingw32/nios2-elf/lib/mno-hw-mul\libsmallc.a(lib_a-fvwrite_small_dev.o)
 .debug_aranges
                0x000000d0       0x18 c:/altera/13.1/nios2eds/bin/gnu/h-i686-mingw32/bin/../lib/gcc/nios2-elf/4.7.3/../../../../../H-i686-mingw32/nios2-elf/lib/mno-hw-mul\libsmallc.a(lib_a-impure.o)
 .debug_aranges
                0x000000e8       0x20 c:/altera/13.1/nios2eds/bin/gnu/h-i686-mingw32/bin/../lib/gcc/nios2-elf/4.7.3/../../../../../H-i686-mingw32/nios2-elf/lib/mno-hw-mul\libsmallc.a(lib_a-writer.o)
 .debug_aranges
                0x00000108       0x18 c:/altera/13.1/nios2eds/bin/gnu/h-i686-mingw32/bin/../lib/gcc/nios2-elf/4.7.3/../../../../../H-i686-mingw32/nios2-elf/lib/mno-hw-mul\libsmallc.a(lib_a-int_errno.o)
 .debug_aranges
                0x00000120       0x20 ../ProjetoSD_bsp/\libhal_bsp.a(alt_load.o)
 .debug_aranges
                0x00000140       0x20 ../ProjetoSD_bsp/\libhal_bsp.a(alt_main.o)
 .debug_aranges
                0x00000160       0x20 ../ProjetoSD_bsp/\libhal_bsp.a(alt_usleep.o)
 .debug_aranges
                0x00000180       0x20 ../ProjetoSD_bsp/\libhal_bsp.a(alt_write.o)
 .debug_aranges
                0x000001a0       0x20 ../ProjetoSD_bsp/\libhal_bsp.a(alt_sys_init.o)
 .debug_aranges
                0x000001c0       0x20 ../ProjetoSD_bsp/\libhal_bsp.a(altera_avalon_jtag_uart_write.o)
 .debug_aranges
                0x000001e0       0x20 ../ProjetoSD_bsp/\libhal_bsp.a(alt_busy_sleep.o)
 .debug_aranges
                0x00000200       0x20 ../ProjetoSD_bsp/\libhal_bsp.a(alt_dcache_flush_all.o)
 .debug_aranges
                0x00000220       0x18 ../ProjetoSD_bsp/\libhal_bsp.a(alt_errno.o)
 .debug_aranges
                0x00000238       0x20 ../ProjetoSD_bsp/\libhal_bsp.a(alt_icache_flush_all.o)
 .debug_aranges
                0x00000258       0x20 ../ProjetoSD_bsp/\libhal_bsp.a(altera_nios2_qsys_irq.o)
 .debug_aranges
                0x00000278       0x20 c:/altera/13.1/nios2eds/bin/gnu/h-i686-mingw32/bin/../lib/gcc/nios2-elf/4.7.3/mno-hw-mul\libgcc.a(lib2-divmod.o)
 .debug_aranges
                0x00000298       0x20 c:/altera/13.1/nios2eds/bin/gnu/h-i686-mingw32/bin/../lib/gcc/nios2-elf/4.7.3/mno-hw-mul\libgcc.a(lib2-mul.o)

.debug_pubnames
 *(.debug_pubnames)

.debug_info     0x00000000     0x32c7
 *(.debug_info .gnu.linkonce.wi.*)
 .debug_info    0x00000000       0x7e ../ProjetoSD_bsp//obj/HAL/src/crt0.o
 .debug_info    0x0000007e      0x5bd obj/default/hello_world_small.o
 .debug_info    0x0000063b       0xcd c:/altera/13.1/nios2eds/bin/gnu/h-i686-mingw32/bin/../lib/gcc/nios2-elf/4.7.3/../../../../../H-i686-mingw32/nios2-elf/lib/mno-hw-mul\libsmallc.a(lib_a-memcpy.o)
 .debug_info    0x00000708      0x6f4 c:/altera/13.1/nios2eds/bin/gnu/h-i686-mingw32/bin/../lib/gcc/nios2-elf/4.7.3/../../../../../H-i686-mingw32/nios2-elf/lib/mno-hw-mul\libsmallc.a(lib_a-puts.o)
 .debug_info    0x00000dfc       0xc6 c:/altera/13.1/nios2eds/bin/gnu/h-i686-mingw32/bin/../lib/gcc/nios2-elf/4.7.3/../../../../../H-i686-mingw32/nios2-elf/lib/mno-hw-mul\libsmallc.a(lib_a-strlen.o)
 .debug_info    0x00000ec2      0x6d9 c:/altera/13.1/nios2eds/bin/gnu/h-i686-mingw32/bin/../lib/gcc/nios2-elf/4.7.3/../../../../../H-i686-mingw32/nios2-elf/lib/mno-hw-mul\libsmallc.a(lib_a-fvwrite_small_dev.o)
 .debug_info    0x0000159b      0x631 c:/altera/13.1/nios2eds/bin/gnu/h-i686-mingw32/bin/../lib/gcc/nios2-elf/4.7.3/../../../../../H-i686-mingw32/nios2-elf/lib/mno-hw-mul\libsmallc.a(lib_a-impure.o)
 .debug_info    0x00001bcc      0x6cb c:/altera/13.1/nios2eds/bin/gnu/h-i686-mingw32/bin/../lib/gcc/nios2-elf/4.7.3/../../../../../H-i686-mingw32/nios2-elf/lib/mno-hw-mul\libsmallc.a(lib_a-writer.o)
 .debug_info    0x00002297       0x84 c:/altera/13.1/nios2eds/bin/gnu/h-i686-mingw32/bin/../lib/gcc/nios2-elf/4.7.3/../../../../../H-i686-mingw32/nios2-elf/lib/mno-hw-mul\libsmallc.a(lib_a-int_errno.o)
 .debug_info    0x0000231b      0x1b5 ../ProjetoSD_bsp/\libhal_bsp.a(alt_load.o)
 .debug_info    0x000024d0      0x194 ../ProjetoSD_bsp/\libhal_bsp.a(alt_main.o)
 .debug_info    0x00002664       0xd7 ../ProjetoSD_bsp/\libhal_bsp.a(alt_usleep.o)
 .debug_info    0x0000273b      0x1f2 ../ProjetoSD_bsp/\libhal_bsp.a(alt_write.o)
 .debug_info    0x0000292d      0x193 ../ProjetoSD_bsp/\libhal_bsp.a(alt_sys_init.o)
 .debug_info    0x00002ac0      0x1a0 ../ProjetoSD_bsp/\libhal_bsp.a(altera_avalon_jtag_uart_write.o)
 .debug_info    0x00002c60       0xd6 ../ProjetoSD_bsp/\libhal_bsp.a(alt_busy_sleep.o)
 .debug_info    0x00002d36       0x8f ../ProjetoSD_bsp/\libhal_bsp.a(alt_dcache_flush_all.o)
 .debug_info    0x00002dc5       0xa3 ../ProjetoSD_bsp/\libhal_bsp.a(alt_errno.o)
 .debug_info    0x00002e68       0x8f ../ProjetoSD_bsp/\libhal_bsp.a(alt_icache_flush_all.o)
 .debug_info    0x00002ef7       0x8f ../ProjetoSD_bsp/\libhal_bsp.a(altera_nios2_qsys_irq.o)
 .debug_info    0x00002f86      0x289 c:/altera/13.1/nios2eds/bin/gnu/h-i686-mingw32/bin/../lib/gcc/nios2-elf/4.7.3/mno-hw-mul\libgcc.a(lib2-divmod.o)
 .debug_info    0x0000320f       0xb8 c:/altera/13.1/nios2eds/bin/gnu/h-i686-mingw32/bin/../lib/gcc/nios2-elf/4.7.3/mno-hw-mul\libgcc.a(lib2-mul.o)

.debug_abbrev   0x00000000     0x1229
 *(.debug_abbrev)
 .debug_abbrev  0x00000000       0x12 ../ProjetoSD_bsp//obj/HAL/src/crt0.o
 .debug_abbrev  0x00000012      0x1b8 obj/default/hello_world_small.o
 .debug_abbrev  0x000001ca       0x95 c:/altera/13.1/nios2eds/bin/gnu/h-i686-mingw32/bin/../lib/gcc/nios2-elf/4.7.3/../../../../../H-i686-mingw32/nios2-elf/lib/mno-hw-mul\libsmallc.a(lib_a-memcpy.o)
 .debug_abbrev  0x0000025f      0x1d4 c:/altera/13.1/nios2eds/bin/gnu/h-i686-mingw32/bin/../lib/gcc/nios2-elf/4.7.3/../../../../../H-i686-mingw32/nios2-elf/lib/mno-hw-mul\libsmallc.a(lib_a-puts.o)
 .debug_abbrev  0x00000433       0x7f c:/altera/13.1/nios2eds/bin/gnu/h-i686-mingw32/bin/../lib/gcc/nios2-elf/4.7.3/../../../../../H-i686-mingw32/nios2-elf/lib/mno-hw-mul\libsmallc.a(lib_a-strlen.o)
 .debug_abbrev  0x000004b2      0x1a8 c:/altera/13.1/nios2eds/bin/gnu/h-i686-mingw32/bin/../lib/gcc/nios2-elf/4.7.3/../../../../../H-i686-mingw32/nios2-elf/lib/mno-hw-mul\libsmallc.a(lib_a-fvwrite_small_dev.o)
 .debug_abbrev  0x0000065a      0x13b c:/altera/13.1/nios2eds/bin/gnu/h-i686-mingw32/bin/../lib/gcc/nios2-elf/4.7.3/../../../../../H-i686-mingw32/nios2-elf/lib/mno-hw-mul\libsmallc.a(lib_a-impure.o)
 .debug_abbrev  0x00000795      0x199 c:/altera/13.1/nios2eds/bin/gnu/h-i686-mingw32/bin/../lib/gcc/nios2-elf/4.7.3/../../../../../H-i686-mingw32/nios2-elf/lib/mno-hw-mul\libsmallc.a(lib_a-writer.o)
 .debug_abbrev  0x0000092e       0x37 c:/altera/13.1/nios2eds/bin/gnu/h-i686-mingw32/bin/../lib/gcc/nios2-elf/4.7.3/../../../../../H-i686-mingw32/nios2-elf/lib/mno-hw-mul\libsmallc.a(lib_a-int_errno.o)
 .debug_abbrev  0x00000965       0xd6 ../ProjetoSD_bsp/\libhal_bsp.a(alt_load.o)
 .debug_abbrev  0x00000a3b      0x120 ../ProjetoSD_bsp/\libhal_bsp.a(alt_main.o)
 .debug_abbrev  0x00000b5b       0x96 ../ProjetoSD_bsp/\libhal_bsp.a(alt_usleep.o)
 .debug_abbrev  0x00000bf1      0x130 ../ProjetoSD_bsp/\libhal_bsp.a(alt_write.o)
 .debug_abbrev  0x00000d21      0x105 ../ProjetoSD_bsp/\libhal_bsp.a(alt_sys_init.o)
 .debug_abbrev  0x00000e26       0xd5 ../ProjetoSD_bsp/\libhal_bsp.a(altera_avalon_jtag_uart_write.o)
 .debug_abbrev  0x00000efb       0x8d ../ProjetoSD_bsp/\libhal_bsp.a(alt_busy_sleep.o)
 .debug_abbrev  0x00000f88       0x42 ../ProjetoSD_bsp/\libhal_bsp.a(alt_dcache_flush_all.o)
 .debug_abbrev  0x00000fca       0x5a ../ProjetoSD_bsp/\libhal_bsp.a(alt_errno.o)
 .debug_abbrev  0x00001024       0x42 ../ProjetoSD_bsp/\libhal_bsp.a(alt_icache_flush_all.o)
 .debug_abbrev  0x00001066       0x42 ../ProjetoSD_bsp/\libhal_bsp.a(altera_nios2_qsys_irq.o)
 .debug_abbrev  0x000010a8      0x112 c:/altera/13.1/nios2eds/bin/gnu/h-i686-mingw32/bin/../lib/gcc/nios2-elf/4.7.3/mno-hw-mul\libgcc.a(lib2-divmod.o)
 .debug_abbrev  0x000011ba       0x6f c:/altera/13.1/nios2eds/bin/gnu/h-i686-mingw32/bin/../lib/gcc/nios2-elf/4.7.3/mno-hw-mul\libgcc.a(lib2-mul.o)

.debug_line     0x00000000     0x1540
 *(.debug_line)
 .debug_line    0x00000000       0x66 ../ProjetoSD_bsp//obj/HAL/src/crt0.o
 .debug_line    0x00000066      0x134 obj/default/hello_world_small.o
 .debug_line    0x0000019a      0x100 c:/altera/13.1/nios2eds/bin/gnu/h-i686-mingw32/bin/../lib/gcc/nios2-elf/4.7.3/../../../../../H-i686-mingw32/nios2-elf/lib/mno-hw-mul\libsmallc.a(lib_a-memcpy.o)
 .debug_line    0x0000029a      0x212 c:/altera/13.1/nios2eds/bin/gnu/h-i686-mingw32/bin/../lib/gcc/nios2-elf/4.7.3/../../../../../H-i686-mingw32/nios2-elf/lib/mno-hw-mul\libsmallc.a(lib_a-puts.o)
 .debug_line    0x000004ac      0x174 c:/altera/13.1/nios2eds/bin/gnu/h-i686-mingw32/bin/../lib/gcc/nios2-elf/4.7.3/../../../../../H-i686-mingw32/nios2-elf/lib/mno-hw-mul\libsmallc.a(lib_a-strlen.o)
 .debug_line    0x00000620      0x225 c:/altera/13.1/nios2eds/bin/gnu/h-i686-mingw32/bin/../lib/gcc/nios2-elf/4.7.3/../../../../../H-i686-mingw32/nios2-elf/lib/mno-hw-mul\libsmallc.a(lib_a-fvwrite_small_dev.o)
 .debug_line    0x00000845      0x16c c:/altera/13.1/nios2eds/bin/gnu/h-i686-mingw32/bin/../lib/gcc/nios2-elf/4.7.3/../../../../../H-i686-mingw32/nios2-elf/lib/mno-hw-mul\libsmallc.a(lib_a-impure.o)
 .debug_line    0x000009b1      0x20c c:/altera/13.1/nios2eds/bin/gnu/h-i686-mingw32/bin/../lib/gcc/nios2-elf/4.7.3/../../../../../H-i686-mingw32/nios2-elf/lib/mno-hw-mul\libsmallc.a(lib_a-writer.o)
 .debug_line    0x00000bbd       0x60 c:/altera/13.1/nios2eds/bin/gnu/h-i686-mingw32/bin/../lib/gcc/nios2-elf/4.7.3/../../../../../H-i686-mingw32/nios2-elf/lib/mno-hw-mul\libsmallc.a(lib_a-int_errno.o)
 .debug_line    0x00000c1d       0xd6 ../ProjetoSD_bsp/\libhal_bsp.a(alt_load.o)
 .debug_line    0x00000cf3       0xbd ../ProjetoSD_bsp/\libhal_bsp.a(alt_main.o)
 .debug_line    0x00000db0       0xf0 ../ProjetoSD_bsp/\libhal_bsp.a(alt_usleep.o)
 .debug_line    0x00000ea0      0x17a ../ProjetoSD_bsp/\libhal_bsp.a(alt_write.o)
 .debug_line    0x0000101a      0x101 ../ProjetoSD_bsp/\libhal_bsp.a(alt_sys_init.o)
 .debug_line    0x0000111b       0xf5 ../ProjetoSD_bsp/\libhal_bsp.a(altera_avalon_jtag_uart_write.o)
 .debug_line    0x00001210       0x9d ../ProjetoSD_bsp/\libhal_bsp.a(alt_busy_sleep.o)
 .debug_line    0x000012ad       0x4e ../ProjetoSD_bsp/\libhal_bsp.a(alt_dcache_flush_all.o)
 .debug_line    0x000012fb       0x51 ../ProjetoSD_bsp/\libhal_bsp.a(alt_errno.o)
 .debug_line    0x0000134c       0x4e ../ProjetoSD_bsp/\libhal_bsp.a(alt_icache_flush_all.o)
 .debug_line    0x0000139a       0x50 ../ProjetoSD_bsp/\libhal_bsp.a(altera_nios2_qsys_irq.o)
 .debug_line    0x000013ea       0xd6 c:/altera/13.1/nios2eds/bin/gnu/h-i686-mingw32/bin/../lib/gcc/nios2-elf/4.7.3/mno-hw-mul\libgcc.a(lib2-divmod.o)
 .debug_line    0x000014c0       0x80 c:/altera/13.1/nios2eds/bin/gnu/h-i686-mingw32/bin/../lib/gcc/nios2-elf/4.7.3/mno-hw-mul\libgcc.a(lib2-mul.o)

.debug_frame    0x00000000      0x368
 *(.debug_frame)
 .debug_frame   0x00000000       0x88 obj/default/hello_world_small.o
 .debug_frame   0x00000088       0x20 c:/altera/13.1/nios2eds/bin/gnu/h-i686-mingw32/bin/../lib/gcc/nios2-elf/4.7.3/../../../../../H-i686-mingw32/nios2-elf/lib/mno-hw-mul\libsmallc.a(lib_a-memcpy.o)
 .debug_frame   0x000000a8       0x3c c:/altera/13.1/nios2eds/bin/gnu/h-i686-mingw32/bin/../lib/gcc/nios2-elf/4.7.3/../../../../../H-i686-mingw32/nios2-elf/lib/mno-hw-mul\libsmallc.a(lib_a-puts.o)
 .debug_frame   0x000000e4       0x20 c:/altera/13.1/nios2eds/bin/gnu/h-i686-mingw32/bin/../lib/gcc/nios2-elf/4.7.3/../../../../../H-i686-mingw32/nios2-elf/lib/mno-hw-mul\libsmallc.a(lib_a-strlen.o)
 .debug_frame   0x00000104       0x30 c:/altera/13.1/nios2eds/bin/gnu/h-i686-mingw32/bin/../lib/gcc/nios2-elf/4.7.3/../../../../../H-i686-mingw32/nios2-elf/lib/mno-hw-mul\libsmallc.a(lib_a-fvwrite_small_dev.o)
 .debug_frame   0x00000134       0x2c c:/altera/13.1/nios2eds/bin/gnu/h-i686-mingw32/bin/../lib/gcc/nios2-elf/4.7.3/../../../../../H-i686-mingw32/nios2-elf/lib/mno-hw-mul\libsmallc.a(lib_a-writer.o)
 .debug_frame   0x00000160       0x28 ../ProjetoSD_bsp/\libhal_bsp.a(alt_load.o)
 .debug_frame   0x00000188       0x28 ../ProjetoSD_bsp/\libhal_bsp.a(alt_main.o)
 .debug_frame   0x000001b0       0x20 ../ProjetoSD_bsp/\libhal_bsp.a(alt_usleep.o)
 .debug_frame   0x000001d0       0x28 ../ProjetoSD_bsp/\libhal_bsp.a(alt_write.o)
 .debug_frame   0x000001f8       0x38 ../ProjetoSD_bsp/\libhal_bsp.a(alt_sys_init.o)
 .debug_frame   0x00000230       0x20 ../ProjetoSD_bsp/\libhal_bsp.a(altera_avalon_jtag_uart_write.o)
 .debug_frame   0x00000250       0x28 ../ProjetoSD_bsp/\libhal_bsp.a(alt_busy_sleep.o)
 .debug_frame   0x00000278       0x20 ../ProjetoSD_bsp/\libhal_bsp.a(alt_dcache_flush_all.o)
 .debug_frame   0x00000298       0x20 ../ProjetoSD_bsp/\libhal_bsp.a(alt_icache_flush_all.o)
 .debug_frame   0x000002b8       0x20 ../ProjetoSD_bsp/\libhal_bsp.a(altera_nios2_qsys_irq.o)
 .debug_frame   0x000002d8       0x70 c:/altera/13.1/nios2eds/bin/gnu/h-i686-mingw32/bin/../lib/gcc/nios2-elf/4.7.3/mno-hw-mul\libgcc.a(lib2-divmod.o)
 .debug_frame   0x00000348       0x20 c:/altera/13.1/nios2eds/bin/gnu/h-i686-mingw32/bin/../lib/gcc/nios2-elf/4.7.3/mno-hw-mul\libgcc.a(lib2-mul.o)

.debug_str      0x00000000      0xd75
 *(.debug_str)
 .debug_str     0x00000000      0x189 obj/default/hello_world_small.o
                                0x1cc (size before relaxing)
 .debug_str     0x00000189       0xf2 c:/altera/13.1/nios2eds/bin/gnu/h-i686-mingw32/bin/../lib/gcc/nios2-elf/4.7.3/../../../../../H-i686-mingw32/nios2-elf/lib/mno-hw-mul\libsmallc.a(lib_a-memcpy.o)
                                0x11e (size before relaxing)
 .debug_str     0x0000027b      0x38c c:/altera/13.1/nios2eds/bin/gnu/h-i686-mingw32/bin/../lib/gcc/nios2-elf/4.7.3/../../../../../H-i686-mingw32/nios2-elf/lib/mno-hw-mul\libsmallc.a(lib_a-puts.o)
                                0x463 (size before relaxing)
 .debug_str     0x00000607       0x3e c:/altera/13.1/nios2eds/bin/gnu/h-i686-mingw32/bin/../lib/gcc/nios2-elf/4.7.3/../../../../../H-i686-mingw32/nios2-elf/lib/mno-hw-mul\libsmallc.a(lib_a-strlen.o)
                                0x190 (size before relaxing)
 .debug_str     0x00000645       0x82 c:/altera/13.1/nios2eds/bin/gnu/h-i686-mingw32/bin/../lib/gcc/nios2-elf/4.7.3/../../../../../H-i686-mingw32/nios2-elf/lib/mno-hw-mul\libsmallc.a(lib_a-fvwrite_small_dev.o)
                                0x48f (size before relaxing)
 .debug_str     0x000006c7       0xfb c:/altera/13.1/nios2eds/bin/gnu/h-i686-mingw32/bin/../lib/gcc/nios2-elf/4.7.3/../../../../../H-i686-mingw32/nios2-elf/lib/mno-hw-mul\libsmallc.a(lib_a-impure.o)
                                0x469 (size before relaxing)
 .debug_str     0x000007c2       0x3d c:/altera/13.1/nios2eds/bin/gnu/h-i686-mingw32/bin/../lib/gcc/nios2-elf/4.7.3/../../../../../H-i686-mingw32/nios2-elf/lib/mno-hw-mul\libsmallc.a(lib_a-writer.o)
                                0x463 (size before relaxing)
 .debug_str     0x000007ff       0x40 c:/altera/13.1/nios2eds/bin/gnu/h-i686-mingw32/bin/../lib/gcc/nios2-elf/4.7.3/../../../../../H-i686-mingw32/nios2-elf/lib/mno-hw-mul\libsmallc.a(lib_a-int_errno.o)
                                0x183 (size before relaxing)
 .debug_str     0x0000083f      0x165 ../ProjetoSD_bsp/\libhal_bsp.a(alt_load.o)
                                0x203 (size before relaxing)
 .debug_str     0x000009a4       0x8a ../ProjetoSD_bsp/\libhal_bsp.a(alt_main.o)
                                0x17c (size before relaxing)
 .debug_str     0x00000a2e       0x2f ../ProjetoSD_bsp/\libhal_bsp.a(alt_usleep.o)
                                0x11e (size before relaxing)
 .debug_str     0x00000a5d       0x6f ../ProjetoSD_bsp/\libhal_bsp.a(alt_write.o)
                                0x1a0 (size before relaxing)
 .debug_str     0x00000acc       0x86 ../ProjetoSD_bsp/\libhal_bsp.a(alt_sys_init.o)
                                0x1e6 (size before relaxing)
 .debug_str     0x00000b52       0x2c ../ProjetoSD_bsp/\libhal_bsp.a(altera_avalon_jtag_uart_write.o)
                                0x1dc (size before relaxing)
 .debug_str     0x00000b7e       0x33 ../ProjetoSD_bsp/\libhal_bsp.a(alt_busy_sleep.o)
                                0x132 (size before relaxing)
 .debug_str     0x00000bb1       0x1f ../ProjetoSD_bsp/\libhal_bsp.a(alt_dcache_flush_all.o)
                                0x11c (size before relaxing)
 .debug_str     0x00000bd0       0x14 ../ProjetoSD_bsp/\libhal_bsp.a(alt_errno.o)
                                0x10c (size before relaxing)
 .debug_str     0x00000be4       0x1f ../ProjetoSD_bsp/\libhal_bsp.a(alt_icache_flush_all.o)
                                0x11c (size before relaxing)
 .debug_str     0x00000c03       0x20 ../ProjetoSD_bsp/\libhal_bsp.a(altera_nios2_qsys_irq.o)
                                0x123 (size before relaxing)
 .debug_str     0x00000c23      0x112 c:/altera/13.1/nios2eds/bin/gnu/h-i686-mingw32/bin/../lib/gcc/nios2-elf/4.7.3/mno-hw-mul\libgcc.a(lib2-divmod.o)
                                0x169 (size before relaxing)
 .debug_str     0x00000d35       0x40 c:/altera/13.1/nios2eds/bin/gnu/h-i686-mingw32/bin/../lib/gcc/nios2-elf/4.7.3/mno-hw-mul\libgcc.a(lib2-mul.o)
                                0x12a (size before relaxing)

.debug_loc      0x00000000      0xd04
 *(.debug_loc)
 .debug_loc     0x00000000      0x247 obj/default/hello_world_small.o
 .debug_loc     0x00000247       0xee c:/altera/13.1/nios2eds/bin/gnu/h-i686-mingw32/bin/../lib/gcc/nios2-elf/4.7.3/../../../../../H-i686-mingw32/nios2-elf/lib/mno-hw-mul\libsmallc.a(lib_a-memcpy.o)
 .debug_loc     0x00000335       0xb7 c:/altera/13.1/nios2eds/bin/gnu/h-i686-mingw32/bin/../lib/gcc/nios2-elf/4.7.3/../../../../../H-i686-mingw32/nios2-elf/lib/mno-hw-mul\libsmallc.a(lib_a-puts.o)
 .debug_loc     0x000003ec       0x29 c:/altera/13.1/nios2eds/bin/gnu/h-i686-mingw32/bin/../lib/gcc/nios2-elf/4.7.3/../../../../../H-i686-mingw32/nios2-elf/lib/mno-hw-mul\libsmallc.a(lib_a-strlen.o)
 .debug_loc     0x00000415      0x19e c:/altera/13.1/nios2eds/bin/gnu/h-i686-mingw32/bin/../lib/gcc/nios2-elf/4.7.3/../../../../../H-i686-mingw32/nios2-elf/lib/mno-hw-mul\libsmallc.a(lib_a-fvwrite_small_dev.o)
 .debug_loc     0x000005b3       0xde c:/altera/13.1/nios2eds/bin/gnu/h-i686-mingw32/bin/../lib/gcc/nios2-elf/4.7.3/../../../../../H-i686-mingw32/nios2-elf/lib/mno-hw-mul\libsmallc.a(lib_a-writer.o)
 .debug_loc     0x00000691       0x20 ../ProjetoSD_bsp/\libhal_bsp.a(alt_load.o)
 .debug_loc     0x000006b1       0x20 ../ProjetoSD_bsp/\libhal_bsp.a(alt_main.o)
 .debug_loc     0x000006d1       0x21 ../ProjetoSD_bsp/\libhal_bsp.a(alt_usleep.o)
 .debug_loc     0x000006f2      0x119 ../ProjetoSD_bsp/\libhal_bsp.a(alt_write.o)
 .debug_loc     0x0000080b       0x41 ../ProjetoSD_bsp/\libhal_bsp.a(alt_sys_init.o)
 .debug_loc     0x0000084c       0x7e ../ProjetoSD_bsp/\libhal_bsp.a(altera_avalon_jtag_uart_write.o)
 .debug_loc     0x000008ca       0x6f ../ProjetoSD_bsp/\libhal_bsp.a(alt_busy_sleep.o)
 .debug_loc     0x00000939      0x338 c:/altera/13.1/nios2eds/bin/gnu/h-i686-mingw32/bin/../lib/gcc/nios2-elf/4.7.3/mno-hw-mul\libgcc.a(lib2-divmod.o)
 .debug_loc     0x00000c71       0x93 c:/altera/13.1/nios2eds/bin/gnu/h-i686-mingw32/bin/../lib/gcc/nios2-elf/4.7.3/mno-hw-mul\libgcc.a(lib2-mul.o)

.debug_macinfo
 *(.debug_macinfo)

.debug_weaknames
 *(.debug_weaknames)

.debug_funcnames
 *(.debug_funcnames)

.debug_typenames
 *(.debug_typenames)

.debug_varnames
 *(.debug_varnames)

.debug_alt_sim_info
                0x00000000       0x40
 *(.debug_alt_sim_info)
 .debug_alt_sim_info
                0x00000000       0x10 ../ProjetoSD_bsp//obj/HAL/src/crt0.o
 .debug_alt_sim_info
                0x00000010       0x30 ../ProjetoSD_bsp/\libhal_bsp.a(alt_busy_sleep.o)
                0x0000d000                __alt_data_end = 0xd000
                0x0000d000                PROVIDE (__alt_stack_pointer, __alt_data_end)
                0x00008cb4                PROVIDE (__alt_stack_limit, __alt_stack_base)
                0x00008cb4                PROVIDE (__alt_heap_start, end)
                0x0000d000                PROVIDE (__alt_heap_limit, 0xd000)
OUTPUT(ProjetoSD.elf elf32-littlenios2)

.debug_ranges   0x00000000       0x98
 .debug_ranges  0x00000000       0x20 ../ProjetoSD_bsp//obj/HAL/src/crt0.o
 .debug_ranges  0x00000020       0x18 obj/default/hello_world_small.o
 .debug_ranges  0x00000038       0x18 c:/altera/13.1/nios2eds/bin/gnu/h-i686-mingw32/bin/../lib/gcc/nios2-elf/4.7.3/../../../../../H-i686-mingw32/nios2-elf/lib/mno-hw-mul\libsmallc.a(lib_a-fvwrite_small_dev.o)
 .debug_ranges  0x00000050       0x48 ../ProjetoSD_bsp/\libhal_bsp.a(alt_load.o)
