Archive member included because of file (symbol)

../Projeto2SD_bsp/\libhal_bsp.a(alt_load.o)
                              ../Projeto2SD_bsp//obj/HAL/src/crt0.o (alt_load)
../Projeto2SD_bsp/\libhal_bsp.a(alt_main.o)
                              ../Projeto2SD_bsp//obj/HAL/src/crt0.o (alt_main)
../Projeto2SD_bsp/\libhal_bsp.a(alt_putstr.o)
                              obj/default/hello_world_small.o (alt_putstr)
../Projeto2SD_bsp/\libhal_bsp.a(alt_sys_init.o)
                              ../Projeto2SD_bsp/\libhal_bsp.a(alt_main.o) (alt_irq_init)
../Projeto2SD_bsp/\libhal_bsp.a(altera_avalon_jtag_uart_write.o)
                              ../Projeto2SD_bsp/\libhal_bsp.a(alt_putstr.o) (altera_avalon_jtag_uart_write)
../Projeto2SD_bsp/\libhal_bsp.a(alt_dcache_flush_all.o)
                              ../Projeto2SD_bsp/\libhal_bsp.a(alt_load.o) (alt_dcache_flush_all)
../Projeto2SD_bsp/\libhal_bsp.a(alt_icache_flush_all.o)
                              ../Projeto2SD_bsp/\libhal_bsp.a(alt_load.o) (alt_icache_flush_all)
../Projeto2SD_bsp/\libhal_bsp.a(altera_nios2_qsys_irq.o)
                              ../Projeto2SD_bsp/\libhal_bsp.a(alt_sys_init.o) (altera_nios2_qsys_irq_init)
c:/altera/13.1/nios2eds/bin/gnu/h-i686-mingw32/bin/../lib/gcc/nios2-elf/4.7.3/../../../../../H-i686-mingw32/nios2-elf/lib/mno-hw-mul\libsmallc.a(lib_a-strlen.o)
                              ../Projeto2SD_bsp/\libhal_bsp.a(alt_putstr.o) (strlen)

Memory Configuration

Name             Origin             Length             Attributes
reset            0x00008000         0x00000020
memory           0x00008020         0x00004fe0
*default*        0x00000000         0xffffffff

Linker script and memory map

LOAD ../Projeto2SD_bsp//obj/HAL/src/crt0.o
LOAD obj/default/hello_world_small.o
LOAD c:/altera/13.1/nios2eds/bin/gnu/h-i686-mingw32/bin/../lib/gcc/nios2-elf/4.7.3/../../../../../H-i686-mingw32/nios2-elf/lib/mno-hw-mul\libstdc++.a
LOAD c:/altera/13.1/nios2eds/bin/gnu/h-i686-mingw32/bin/../lib/gcc/nios2-elf/4.7.3/../../../../../H-i686-mingw32/nios2-elf/lib/mno-hw-mul\libm.a
LOAD c:/altera/13.1/nios2eds/bin/gnu/h-i686-mingw32/bin/../lib/gcc/nios2-elf/4.7.3/mno-hw-mul\libgcc.a
START GROUP
LOAD c:/altera/13.1/nios2eds/bin/gnu/h-i686-mingw32/bin/../lib/gcc/nios2-elf/4.7.3/../../../../../H-i686-mingw32/nios2-elf/lib/mno-hw-mul\libsmallc.a
LOAD c:/altera/13.1/nios2eds/bin/gnu/h-i686-mingw32/bin/../lib/gcc/nios2-elf/4.7.3/mno-hw-mul\libgcc.a
LOAD ../Projeto2SD_bsp/\libhal_bsp.a
END GROUP
LOAD c:/altera/13.1/nios2eds/bin/gnu/h-i686-mingw32/bin/../lib/gcc/nios2-elf/4.7.3/mno-hw-mul\libgcc.a
                0x00008000                __alt_mem_memory = 0x8000

.entry          0x00008000       0x20
 *(.entry)
 .entry         0x00008000       0x20 ../Projeto2SD_bsp//obj/HAL/src/crt0.o
                0x00008000                __reset
                0x0000800c                _exit

.exceptions     0x00008020        0x0
                0x00008020                PROVIDE (__ram_exceptions_start, ABSOLUTE (.))
                0x00008020                . = ALIGN (0x20)
 *(.irq)
 *(.exceptions.entry.label)
 *(.exceptions.entry.user)
 *(.exceptions.entry.ecc_fatal)
 *(.exceptions.entry)
 *(.exceptions.irqtest.user)
 *(.exceptions.irqtest)
 *(.exceptions.irqhandler.user)
 *(.exceptions.irqhandler)
 *(.exceptions.irqreturn.user)
 *(.exceptions.irqreturn)
 *(.exceptions.notirq.label)
 *(.exceptions.notirq.user)
 *(.exceptions.notirq)
 *(.exceptions.soft.user)
 *(.exceptions.soft)
 *(.exceptions.unknown.user)
 *(.exceptions.unknown)
 *(.exceptions.exit.label)
 *(.exceptions.exit.user)
 *(.exceptions.exit)
 *(.exceptions)
                0x00008020                PROVIDE (__ram_exceptions_end, ABSOLUTE (.))
                0x00008020                PROVIDE (__flash_exceptions_start, LOADADDR (.exceptions))

.text           0x00008020      0x24c
                0x00008020                PROVIDE (stext, ABSOLUTE (.))
 *(.interp)
 *(.hash)
 *(.dynsym)
 *(.dynstr)
 *(.gnu.version)
 *(.gnu.version_d)
 *(.gnu.version_r)
 *(.rel.init)
 *(.rela.init)
 *(.rel.text .rel.text.* .rel.gnu.linkonce.t.*)
 *(.rela.text .rela.text.* .rela.gnu.linkonce.t.*)
 *(.rel.fini)
 *(.rela.fini)
 *(.rel.rodata .rel.rodata.* .rel.gnu.linkonce.r.*)
 *(.rela.rodata .rela.rodata.* .rela.gnu.linkonce.r.*)
 *(.rel.data .rel.data.* .rel.gnu.linkonce.d.*)
 *(.rela.data .rela.data.* .rela.gnu.linkonce.d.*)
 *(.rel.tdata .rel.tdata.* .rel.gnu.linkonce.td.*)
 *(.rela.tdata .rela.tdata.* .rela.gnu.linkonce.td.*)
 *(.rel.tbss .rel.tbss.* .rel.gnu.linkonce.tb.*)
 *(.rela.tbss .rela.tbss.* .rela.gnu.linkonce.tb.*)
 *(.rel.ctors)
 *(.rela.ctors)
 *(.rel.dtors)
 *(.rela.dtors)
 *(.rel.got)
 *(.rela.got)
 *(.rel.sdata .rel.sdata.* .rel.gnu.linkonce.s.*)
 *(.rela.sdata .rela.sdata.* .rela.gnu.linkonce.s.*)
 *(.rel.sbss .rel.sbss.* .rel.gnu.linkonce.sb.*)
 *(.rela.sbss .rela.sbss.* .rela.gnu.linkonce.sb.*)
 *(.rel.sdata2 .rel.sdata2.* .rel.gnu.linkonce.s2.*)
 *(.rela.sdata2 .rela.sdata2.* .rela.gnu.linkonce.s2.*)
 *(.rel.sbss2 .rel.sbss2.* .rel.gnu.linkonce.sb2.*)
 *(.rela.sbss2 .rela.sbss2.* .rela.gnu.linkonce.sb2.*)
 *(.rel.bss .rel.bss.* .rel.gnu.linkonce.b.*)
 *(.rela.bss .rela.bss.* .rela.gnu.linkonce.b.*)
 *(.rel.plt)
 *(.rela.plt)
 *(.rel.dyn)
 *(.init)
 *(.plt)
 *(.text .stub .text.* .gnu.linkonce.t.*)
 .text          0x00008020       0x3c ../Projeto2SD_bsp//obj/HAL/src/crt0.o
                0x00008020                _start
 .text          0x0000805c        0x0 obj/default/hello_world_small.o
 .text.startup  0x0000805c       0x18 obj/default/hello_world_small.o
                0x0000805c                main
 .text          0x00008074      0x104 ../Projeto2SD_bsp/\libhal_bsp.a(alt_load.o)
                0x00008074                alt_load
 .text          0x00008178       0x2c ../Projeto2SD_bsp/\libhal_bsp.a(alt_main.o)
                0x00008178                alt_main
 .text          0x000081a4       0x38 ../Projeto2SD_bsp/\libhal_bsp.a(alt_putstr.o)
                0x000081a4                alt_putstr
 .text          0x000081dc       0x24 ../Projeto2SD_bsp/\libhal_bsp.a(alt_sys_init.o)
                0x000081dc                alt_irq_init
                0x000081fc                alt_sys_init
 .text          0x00008200       0x34 ../Projeto2SD_bsp/\libhal_bsp.a(altera_avalon_jtag_uart_write.o)
                0x00008200                altera_avalon_jtag_uart_write
 .text          0x00008234        0x4 ../Projeto2SD_bsp/\libhal_bsp.a(alt_dcache_flush_all.o)
                0x00008234                alt_dcache_flush_all
 .text          0x00008238        0x4 ../Projeto2SD_bsp/\libhal_bsp.a(alt_icache_flush_all.o)
                0x00008238                alt_icache_flush_all
 .text          0x0000823c        0x8 ../Projeto2SD_bsp/\libhal_bsp.a(altera_nios2_qsys_irq.o)
                0x0000823c                altera_nios2_qsys_irq_init
 .text          0x00008244       0x28 c:/altera/13.1/nios2eds/bin/gnu/h-i686-mingw32/bin/../lib/gcc/nios2-elf/4.7.3/../../../../../H-i686-mingw32/nios2-elf/lib/mno-hw-mul\libsmallc.a(lib_a-strlen.o)
                0x00008244                strlen
 *(.gnu.warning.*)
 *(.fini)
                0x0000826c                PROVIDE (__etext, ABSOLUTE (.))
                0x0000826c                PROVIDE (_etext, ABSOLUTE (.))
                0x0000826c                PROVIDE (etext, ABSOLUTE (.))
 *(.eh_frame_hdr)
                0x0000826c                . = ALIGN (0x4)
                0x0000826c                PROVIDE (__preinit_array_start, ABSOLUTE (.))
 *(.preinit_array)
                0x0000826c                PROVIDE (__preinit_array_end, ABSOLUTE (.))
                0x0000826c                PROVIDE (__init_array_start, ABSOLUTE (.))
 *(.init_array)
                0x0000826c                PROVIDE (__init_array_end, ABSOLUTE (.))
                0x0000826c                PROVIDE (__fini_array_start, ABSOLUTE (.))
 *(.fini_array)
                0x0000826c                PROVIDE (__fini_array_end, ABSOLUTE (.))
 *(.eh_frame)
 *(.gcc_except_table .gcc_except_table.*)
 *(.dynamic)
                0x0000826c                PROVIDE (__CTOR_LIST__, ABSOLUTE (.))
 *(.ctors)
 *(SORT(.ctors.*))
                0x0000826c                PROVIDE (__CTOR_END__, ABSOLUTE (.))
                0x0000826c                PROVIDE (__DTOR_LIST__, ABSOLUTE (.))
 *(.dtors)
 *(SORT(.dtors.*))
                0x0000826c                PROVIDE (__DTOR_END__, ABSOLUTE (.))
 *(.jcr)
                0x0000826c                . = ALIGN (0x4)

.rodata         0x0000826c       0x18
                0x0000826c                PROVIDE (__ram_rodata_start, ABSOLUTE (.))
                0x0000826c                . = ALIGN (0x4)
 *(.rodata .rodata.* .gnu.linkonce.r.*)
 .rodata.str1.4
                0x0000826c       0x18 obj/default/hello_world_small.o
 *(.rodata1)
                0x00008284                . = ALIGN (0x4)
                0x00008284                PROVIDE (__ram_rodata_end, ABSOLUTE (.))
                0x0000826c                PROVIDE (__flash_rodata_start, LOADADDR (.rodata))

.rwdata         0x00008284        0x8 load address 0x0000828c
                0x00008284                PROVIDE (__ram_rwdata_start, ABSOLUTE (.))
                0x00008284                . = ALIGN (0x4)
 *(.got.plt)
 *(.got)
 *(.data1)
 *(.data .data.* .gnu.linkonce.d.*)
 .data          0x00008284        0x0 ../Projeto2SD_bsp//obj/HAL/src/crt0.o
 .data          0x00008284        0x0 obj/default/hello_world_small.o
 .data          0x00008284        0x0 ../Projeto2SD_bsp/\libhal_bsp.a(alt_load.o)
 .data          0x00008284        0x0 ../Projeto2SD_bsp/\libhal_bsp.a(alt_main.o)
 .data          0x00008284        0x0 ../Projeto2SD_bsp/\libhal_bsp.a(alt_putstr.o)
 .data          0x00008284        0x0 ../Projeto2SD_bsp/\libhal_bsp.a(alt_sys_init.o)
 .data          0x00008284        0x0 ../Projeto2SD_bsp/\libhal_bsp.a(altera_avalon_jtag_uart_write.o)
 .data          0x00008284        0x0 ../Projeto2SD_bsp/\libhal_bsp.a(alt_dcache_flush_all.o)
 .data          0x00008284        0x0 ../Projeto2SD_bsp/\libhal_bsp.a(alt_icache_flush_all.o)
 .data          0x00008284        0x0 ../Projeto2SD_bsp/\libhal_bsp.a(altera_nios2_qsys_irq.o)
 .data          0x00008284        0x0 c:/altera/13.1/nios2eds/bin/gnu/h-i686-mingw32/bin/../lib/gcc/nios2-elf/4.7.3/../../../../../H-i686-mingw32/nios2-elf/lib/mno-hw-mul\libsmallc.a(lib_a-strlen.o)
                0x00010284                _gp = ABSOLUTE ((. + 0x8000))
                0x00010284                PROVIDE (gp, _gp)
 *(.rwdata .rwdata.*)
 *(.sdata .sdata.* .gnu.linkonce.s.*)
 .sdata         0x00008284        0x8 ../Projeto2SD_bsp/\libhal_bsp.a(alt_sys_init.o)
                0x00008284                UART_1
                0x00008288                jtag_uart_0
 *(.sdata2 .sdata2.* .gnu.linkonce.s2.*)
                0x0000828c                . = ALIGN (0x4)
                0x0000828c                _edata = ABSOLUTE (.)
                0x0000828c                PROVIDE (edata, ABSOLUTE (.))
                0x0000828c                PROVIDE (__ram_rwdata_end, ABSOLUTE (.))
                0x0000828c                PROVIDE (__flash_rwdata_start, LOADADDR (.rwdata))

.bss            0x00008294        0xc
                0x00008294                __bss_start = ABSOLUTE (.)
                0x00008294                PROVIDE (__sbss_start, ABSOLUTE (.))
                0x00008294                PROVIDE (___sbss_start, ABSOLUTE (.))
 *(.dynsbss)
 *(.sbss .sbss.* .gnu.linkonce.sb.*)
 .sbss          0x00008294        0xc ../Projeto2SD_bsp/\libhal_bsp.a(alt_main.o)
                0x00008294                alt_envp
                0x00008298                alt_argv
                0x0000829c                alt_argc
 *(.sbss2 .sbss2.* .gnu.linkonce.sb2.*)
 *(.scommon)
                0x000082a0                PROVIDE (__sbss_end, ABSOLUTE (.))
                0x000082a0                PROVIDE (___sbss_end, ABSOLUTE (.))
 *(.dynbss)
 *(.bss .bss.* .gnu.linkonce.b.*)
 .bss           0x000082a0        0x0 ../Projeto2SD_bsp//obj/HAL/src/crt0.o
 .bss           0x000082a0        0x0 obj/default/hello_world_small.o
 .bss           0x000082a0        0x0 ../Projeto2SD_bsp/\libhal_bsp.a(alt_load.o)
 .bss           0x000082a0        0x0 ../Projeto2SD_bsp/\libhal_bsp.a(alt_main.o)
 .bss           0x000082a0        0x0 ../Projeto2SD_bsp/\libhal_bsp.a(alt_putstr.o)
 .bss           0x000082a0        0x0 ../Projeto2SD_bsp/\libhal_bsp.a(alt_sys_init.o)
 .bss           0x000082a0        0x0 ../Projeto2SD_bsp/\libhal_bsp.a(altera_avalon_jtag_uart_write.o)
 .bss           0x000082a0        0x0 ../Projeto2SD_bsp/\libhal_bsp.a(alt_dcache_flush_all.o)
 .bss           0x000082a0        0x0 ../Projeto2SD_bsp/\libhal_bsp.a(alt_icache_flush_all.o)
 .bss           0x000082a0        0x0 ../Projeto2SD_bsp/\libhal_bsp.a(altera_nios2_qsys_irq.o)
 .bss           0x000082a0        0x0 c:/altera/13.1/nios2eds/bin/gnu/h-i686-mingw32/bin/../lib/gcc/nios2-elf/4.7.3/../../../../../H-i686-mingw32/nios2-elf/lib/mno-hw-mul\libsmallc.a(lib_a-strlen.o)
 *(COMMON)
                0x000082a0                . = ALIGN (0x4)
                0x000082a0                __bss_end = ABSOLUTE (.)

.memory         0x000082a0        0x0
                0x000082a0                PROVIDE (_alt_partition_memory_start, ABSOLUTE (.))
 *(.memory .memory. memory.*)
                0x000082a0                . = ALIGN (0x4)
                0x000082a0                PROVIDE (_alt_partition_memory_end, ABSOLUTE (.))
                0x000082a0                _end = ABSOLUTE (.)
                0x000082a0                end = ABSOLUTE (.)
                0x000082a0                __alt_stack_base = ABSOLUTE (.)
                0x000082a0                PROVIDE (_alt_partition_memory_load_addr, LOADADDR (.memory))

.stab
 *(.stab)

.stabstr
 *(.stabstr)

.stab.excl
 *(.stab.excl)

.stab.exclstr
 *(.stab.exclstr)

.stab.index
 *(.stab.index)

.stab.indexstr
 *(.stab.indexstr)

.comment        0x00000000       0x23
 *(.comment)
 .comment       0x00000000       0x23 obj/default/hello_world_small.o
                                 0x24 (size before relaxing)
 .comment       0x00000000       0x24 ../Projeto2SD_bsp/\libhal_bsp.a(alt_load.o)
 .comment       0x00000000       0x24 ../Projeto2SD_bsp/\libhal_bsp.a(alt_main.o)
 .comment       0x00000000       0x24 ../Projeto2SD_bsp/\libhal_bsp.a(alt_putstr.o)
 .comment       0x00000000       0x24 ../Projeto2SD_bsp/\libhal_bsp.a(alt_sys_init.o)
 .comment       0x00000000       0x24 ../Projeto2SD_bsp/\libhal_bsp.a(altera_avalon_jtag_uart_write.o)
 .comment       0x00000000       0x24 ../Projeto2SD_bsp/\libhal_bsp.a(alt_dcache_flush_all.o)
 .comment       0x00000000       0x24 ../Projeto2SD_bsp/\libhal_bsp.a(alt_icache_flush_all.o)
 .comment       0x00000000       0x24 ../Projeto2SD_bsp/\libhal_bsp.a(altera_nios2_qsys_irq.o)
 .comment       0x00000000       0x24 c:/altera/13.1/nios2eds/bin/gnu/h-i686-mingw32/bin/../lib/gcc/nios2-elf/4.7.3/../../../../../H-i686-mingw32/nios2-elf/lib/mno-hw-mul\libsmallc.a(lib_a-strlen.o)

.debug
 *(.debug)

.line
 *(.line)

.debug_srcinfo
 *(.debug_srcinfo)

.debug_sfnames
 *(.debug_sfnames)

.debug_aranges  0x00000000      0x168
 *(.debug_aranges)
 .debug_aranges
                0x00000000       0x28 ../Projeto2SD_bsp//obj/HAL/src/crt0.o
 .debug_aranges
                0x00000028       0x20 obj/default/hello_world_small.o
 .debug_aranges
                0x00000048       0x20 ../Projeto2SD_bsp/\libhal_bsp.a(alt_load.o)
 .debug_aranges
                0x00000068       0x20 ../Projeto2SD_bsp/\libhal_bsp.a(alt_main.o)
 .debug_aranges
                0x00000088       0x20 ../Projeto2SD_bsp/\libhal_bsp.a(alt_putstr.o)
 .debug_aranges
                0x000000a8       0x20 ../Projeto2SD_bsp/\libhal_bsp.a(alt_sys_init.o)
 .debug_aranges
                0x000000c8       0x20 ../Projeto2SD_bsp/\libhal_bsp.a(altera_avalon_jtag_uart_write.o)
 .debug_aranges
                0x000000e8       0x20 ../Projeto2SD_bsp/\libhal_bsp.a(alt_dcache_flush_all.o)
 .debug_aranges
                0x00000108       0x20 ../Projeto2SD_bsp/\libhal_bsp.a(alt_icache_flush_all.o)
 .debug_aranges
                0x00000128       0x20 ../Projeto2SD_bsp/\libhal_bsp.a(altera_nios2_qsys_irq.o)
 .debug_aranges
                0x00000148       0x20 c:/altera/13.1/nios2eds/bin/gnu/h-i686-mingw32/bin/../lib/gcc/nios2-elf/4.7.3/../../../../../H-i686-mingw32/nios2-elf/lib/mno-hw-mul\libsmallc.a(lib_a-strlen.o)

.debug_pubnames
 *(.debug_pubnames)

.debug_info     0x00000000      0xba3
 *(.debug_info .gnu.linkonce.wi.*)
 .debug_info    0x00000000       0x7f ../Projeto2SD_bsp//obj/HAL/src/crt0.o
 .debug_info    0x0000007f       0x8c obj/default/hello_world_small.o
 .debug_info    0x0000010b      0x1b5 ../Projeto2SD_bsp/\libhal_bsp.a(alt_load.o)
 .debug_info    0x000002c0      0x194 ../Projeto2SD_bsp/\libhal_bsp.a(alt_main.o)
 .debug_info    0x00000454      0x171 ../Projeto2SD_bsp/\libhal_bsp.a(alt_putstr.o)
 .debug_info    0x000005c5      0x1cb ../Projeto2SD_bsp/\libhal_bsp.a(alt_sys_init.o)
 .debug_info    0x00000790      0x1a0 ../Projeto2SD_bsp/\libhal_bsp.a(altera_avalon_jtag_uart_write.o)
 .debug_info    0x00000930       0x8f ../Projeto2SD_bsp/\libhal_bsp.a(alt_dcache_flush_all.o)
 .debug_info    0x000009bf       0x8f ../Projeto2SD_bsp/\libhal_bsp.a(alt_icache_flush_all.o)
 .debug_info    0x00000a4e       0x8f ../Projeto2SD_bsp/\libhal_bsp.a(altera_nios2_qsys_irq.o)
 .debug_info    0x00000add       0xc6 c:/altera/13.1/nios2eds/bin/gnu/h-i686-mingw32/bin/../lib/gcc/nios2-elf/4.7.3/../../../../../H-i686-mingw32/nios2-elf/lib/mno-hw-mul\libsmallc.a(lib_a-strlen.o)

.debug_abbrev   0x00000000      0x692
 *(.debug_abbrev)
 .debug_abbrev  0x00000000       0x12 ../Projeto2SD_bsp//obj/HAL/src/crt0.o
 .debug_abbrev  0x00000012       0x89 obj/default/hello_world_small.o
 .debug_abbrev  0x0000009b       0xd6 ../Projeto2SD_bsp/\libhal_bsp.a(alt_load.o)
 .debug_abbrev  0x00000171      0x120 ../Projeto2SD_bsp/\libhal_bsp.a(alt_main.o)
 .debug_abbrev  0x00000291       0xe2 ../Projeto2SD_bsp/\libhal_bsp.a(alt_putstr.o)
 .debug_abbrev  0x00000373      0x105 ../Projeto2SD_bsp/\libhal_bsp.a(alt_sys_init.o)
 .debug_abbrev  0x00000478       0xd5 ../Projeto2SD_bsp/\libhal_bsp.a(altera_avalon_jtag_uart_write.o)
 .debug_abbrev  0x0000054d       0x42 ../Projeto2SD_bsp/\libhal_bsp.a(alt_dcache_flush_all.o)
 .debug_abbrev  0x0000058f       0x42 ../Projeto2SD_bsp/\libhal_bsp.a(alt_icache_flush_all.o)
 .debug_abbrev  0x000005d1       0x42 ../Projeto2SD_bsp/\libhal_bsp.a(altera_nios2_qsys_irq.o)
 .debug_abbrev  0x00000613       0x7f c:/altera/13.1/nios2eds/bin/gnu/h-i686-mingw32/bin/../lib/gcc/nios2-elf/4.7.3/../../../../../H-i686-mingw32/nios2-elf/lib/mno-hw-mul\libsmallc.a(lib_a-strlen.o)

.debug_line     0x00000000      0x7ff
 *(.debug_line)
 .debug_line    0x00000000       0x66 ../Projeto2SD_bsp//obj/HAL/src/crt0.o
 .debug_line    0x00000066       0x75 obj/default/hello_world_small.o
 .debug_line    0x000000db       0xd6 ../Projeto2SD_bsp/\libhal_bsp.a(alt_load.o)
 .debug_line    0x000001b1       0xbd ../Projeto2SD_bsp/\libhal_bsp.a(alt_main.o)
 .debug_line    0x0000026e      0x123 ../Projeto2SD_bsp/\libhal_bsp.a(alt_putstr.o)
 .debug_line    0x00000391      0x119 ../Projeto2SD_bsp/\libhal_bsp.a(alt_sys_init.o)
 .debug_line    0x000004aa       0xf5 ../Projeto2SD_bsp/\libhal_bsp.a(altera_avalon_jtag_uart_write.o)
 .debug_line    0x0000059f       0x4e ../Projeto2SD_bsp/\libhal_bsp.a(alt_dcache_flush_all.o)
 .debug_line    0x000005ed       0x4e ../Projeto2SD_bsp/\libhal_bsp.a(alt_icache_flush_all.o)
 .debug_line    0x0000063b       0x50 ../Projeto2SD_bsp/\libhal_bsp.a(altera_nios2_qsys_irq.o)
 .debug_line    0x0000068b      0x174 c:/altera/13.1/nios2eds/bin/gnu/h-i686-mingw32/bin/../lib/gcc/nios2-elf/4.7.3/../../../../../H-i686-mingw32/nios2-elf/lib/mno-hw-mul\libsmallc.a(lib_a-strlen.o)

.debug_frame    0x00000000      0x178
 *(.debug_frame)
 .debug_frame   0x00000000       0x28 obj/default/hello_world_small.o
 .debug_frame   0x00000028       0x28 ../Projeto2SD_bsp/\libhal_bsp.a(alt_load.o)
 .debug_frame   0x00000050       0x28 ../Projeto2SD_bsp/\libhal_bsp.a(alt_main.o)
 .debug_frame   0x00000078       0x28 ../Projeto2SD_bsp/\libhal_bsp.a(alt_putstr.o)
 .debug_frame   0x000000a0       0x38 ../Projeto2SD_bsp/\libhal_bsp.a(alt_sys_init.o)
 .debug_frame   0x000000d8       0x20 ../Projeto2SD_bsp/\libhal_bsp.a(altera_avalon_jtag_uart_write.o)
 .debug_frame   0x000000f8       0x20 ../Projeto2SD_bsp/\libhal_bsp.a(alt_dcache_flush_all.o)
 .debug_frame   0x00000118       0x20 ../Projeto2SD_bsp/\libhal_bsp.a(alt_icache_flush_all.o)
 .debug_frame   0x00000138       0x20 ../Projeto2SD_bsp/\libhal_bsp.a(altera_nios2_qsys_irq.o)
 .debug_frame   0x00000158       0x20 c:/altera/13.1/nios2eds/bin/gnu/h-i686-mingw32/bin/../lib/gcc/nios2-elf/4.7.3/../../../../../H-i686-mingw32/nios2-elf/lib/mno-hw-mul\libsmallc.a(lib_a-strlen.o)

.debug_str      0x00000000      0x569
 *(.debug_str)
 .debug_str     0x00000000       0x72 obj/default/hello_world_small.o
                                 0x7c (size before relaxing)
 .debug_str     0x00000072      0x1bf ../Projeto2SD_bsp/\libhal_bsp.a(alt_load.o)
                                0x204 (size before relaxing)
 .debug_str     0x00000231       0x8f ../Projeto2SD_bsp/\libhal_bsp.a(alt_main.o)
                                0x17d (size before relaxing)
 .debug_str     0x000002c0       0x6d ../Projeto2SD_bsp/\libhal_bsp.a(alt_putstr.o)
                                0x161 (size before relaxing)
 .debug_str     0x0000032d       0xc1 ../Projeto2SD_bsp/\libhal_bsp.a(alt_sys_init.o)
                                0x229 (size before relaxing)
 .debug_str     0x000003ee       0x3f ../Projeto2SD_bsp/\libhal_bsp.a(altera_avalon_jtag_uart_write.o)
                                0x1dd (size before relaxing)
 .debug_str     0x0000042d       0x1f ../Projeto2SD_bsp/\libhal_bsp.a(alt_dcache_flush_all.o)
                                0x11d (size before relaxing)
 .debug_str     0x0000044c       0x1f ../Projeto2SD_bsp/\libhal_bsp.a(alt_icache_flush_all.o)
                                0x11d (size before relaxing)
 .debug_str     0x0000046b       0x20 ../Projeto2SD_bsp/\libhal_bsp.a(altera_nios2_qsys_irq.o)
                                0x124 (size before relaxing)
 .debug_str     0x0000048b       0xde c:/altera/13.1/nios2eds/bin/gnu/h-i686-mingw32/bin/../lib/gcc/nios2-elf/4.7.3/../../../../../H-i686-mingw32/nios2-elf/lib/mno-hw-mul\libsmallc.a(lib_a-strlen.o)
                                0x190 (size before relaxing)

.debug_loc      0x00000000      0x19f
 *(.debug_loc)
 .debug_loc     0x00000000       0x20 obj/default/hello_world_small.o
 .debug_loc     0x00000020       0x20 ../Projeto2SD_bsp/\libhal_bsp.a(alt_load.o)
 .debug_loc     0x00000040       0x20 ../Projeto2SD_bsp/\libhal_bsp.a(alt_main.o)
 .debug_loc     0x00000060       0x57 ../Projeto2SD_bsp/\libhal_bsp.a(alt_putstr.o)
 .debug_loc     0x000000b7       0x41 ../Projeto2SD_bsp/\libhal_bsp.a(alt_sys_init.o)
 .debug_loc     0x000000f8       0x7e ../Projeto2SD_bsp/\libhal_bsp.a(altera_avalon_jtag_uart_write.o)
 .debug_loc     0x00000176       0x29 c:/altera/13.1/nios2eds/bin/gnu/h-i686-mingw32/bin/../lib/gcc/nios2-elf/4.7.3/../../../../../H-i686-mingw32/nios2-elf/lib/mno-hw-mul\libsmallc.a(lib_a-strlen.o)

.debug_macinfo
 *(.debug_macinfo)

.debug_weaknames
 *(.debug_weaknames)

.debug_funcnames
 *(.debug_funcnames)

.debug_typenames
 *(.debug_typenames)

.debug_varnames
 *(.debug_varnames)

.debug_alt_sim_info
                0x00000000       0x10
 *(.debug_alt_sim_info)
 .debug_alt_sim_info
                0x00000000       0x10 ../Projeto2SD_bsp//obj/HAL/src/crt0.o
                0x0000d000                __alt_data_end = 0xd000
                0x0000d000                PROVIDE (__alt_stack_pointer, __alt_data_end)
                0x000082a0                PROVIDE (__alt_stack_limit, __alt_stack_base)
                0x000082a0                PROVIDE (__alt_heap_start, end)
                0x0000d000                PROVIDE (__alt_heap_limit, 0xd000)
OUTPUT(Projeto2SD.elf elf32-littlenios2)

.debug_ranges   0x00000000       0x78
 .debug_ranges  0x00000000       0x20 ../Projeto2SD_bsp//obj/HAL/src/crt0.o
 .debug_ranges  0x00000020       0x10 obj/default/hello_world_small.o
 .debug_ranges  0x00000030       0x48 ../Projeto2SD_bsp/\libhal_bsp.a(alt_load.o)
